// Jest Snapshot v1, https://goo.gl/fbAQLP

exports[`Accordion kaikki sivut avatutuvat klikkauksesta 1`] = `
<section
  class="accordion"
>
  <h4
    class="accordion__label"
  >
    <button
      aria-controls="test-0-region"
      aria-expanded="false"
      class="accordion__trigger"
      id="test-0-trigger"
    >
      <span
        aria-hidden="true"
        class="material-icons icon icon--inline"
      >
        keyboard_arrow_right
      </span>
      Yksi
    </button>
  </h4>
  <div
    aria-hidden="true"
    aria-labelledby="test-0-trigger"
    class="accordion__region"
    id="test-0-region"
    role="region"
  >
    Ekan sivun sisältö
  </div>
  <h4
    class="accordion__label"
  >
    <button
      aria-controls="test-1-region"
      aria-expanded="true"
      class="accordion__trigger"
      id="test-1-trigger"
    >
      <span
        aria-hidden="true"
        class="material-icons icon icon--inline"
      >
        keyboard_arrow_right
      </span>
      Kaksi
    </button>
  </h4>
  <div
    aria-labelledby="test-1-trigger"
    class="accordion__region accordion__region--open"
    id="test-1-region"
    role="region"
  >
    Tokan sivun sisältö
  </div>
  <h4
    class="accordion__label"
  >
    <button
      aria-controls="test-2-region"
      aria-expanded="true"
      class="accordion__trigger"
      id="test-2-trigger"
    >
      <span
        aria-hidden="true"
        class="material-icons icon icon--inline"
      >
        keyboard_arrow_right
      </span>
      Kolmas
    </button>
  </h4>
  <div
    aria-labelledby="test-2-trigger"
    class="accordion__region accordion__region--open"
    id="test-2-region"
    role="region"
  >
    Kolmannen sivun sisältö
  </div>
</section>
`;

exports[`Accordion renderöityy oikein 1`] = `
<section
  class="accordion"
>
  <h4
    class="accordion__label"
  >
    <button
      aria-controls="test-0-region"
      aria-expanded="true"
      class="accordion__trigger"
      id="test-0-trigger"
    >
      <span
        aria-hidden="true"
        class="material-icons icon icon--inline"
      >
        keyboard_arrow_right
      </span>
      Yksi
    </button>
  </h4>
  <div
    aria-labelledby="test-0-trigger"
    class="accordion__region accordion__region--open"
    id="test-0-region"
    role="region"
  >
    Ekan sivun sisältö
  </div>
  <h4
    class="accordion__label"
  >
    <button
      aria-controls="test-1-region"
      aria-expanded="false"
      class="accordion__trigger"
      id="test-1-trigger"
    >
      <span
        aria-hidden="true"
        class="material-icons icon icon--inline"
      >
        keyboard_arrow_right
      </span>
      Kaksi
    </button>
  </h4>
  <div
    aria-hidden="true"
    aria-labelledby="test-1-trigger"
    class="accordion__region"
    id="test-1-region"
    role="region"
  >
    Tokan sivun sisältö
  </div>
  <h4
    class="accordion__label"
  >
    <button
      aria-controls="test-2-region"
      aria-expanded="false"
      class="accordion__trigger"
      id="test-2-trigger"
    >
      <span
        aria-hidden="true"
        class="material-icons icon icon--inline"
      >
        keyboard_arrow_right
      </span>
      Kolmas
    </button>
  </h4>
  <div
    aria-hidden="true"
    aria-labelledby="test-2-trigger"
    class="accordion__region"
    id="test-2-region"
    role="region"
  >
    Kolmannen sivun sisältö
  </div>
</section>
`;
