// Jest Snapshot v1, https://goo.gl/fbAQLP

exports[`IlmoitusForm Renderöityy virheittä 1`] = `
<div
  class="ilmoitusform__frame"
>
  <header
    class="ilmoitusform__header"
  >
    <h3
      class="ilmoitusform__title"
    >
      <div
        class="ilmoitusform__titleindex"
      >
        1
        /
        2
      </div>
      <div
        class="ilmoitusform__titletexts"
      >
        <div
          class="ilmoitusform__titletext"
        >
          Testi-Ukkeli
           
          Valpas
        </div>
        <h4
          class="ilmoitusform__subtitle"
        >
          Oppija 
          1.2.246.562.24.00000000001
        </h4>
      </div>
      <div
        class="ilmoitusform__titlecaret"
      >
        <span
          aria-hidden="true"
          class="material-icons icon"
        >
          keyboard_arrow_down
        </span>
      </div>
    </h3>
  </header>
  <div
    class="ilmoitusform__body"
  >
    <div
      class="ilmoitusform__prefill"
    >
      ilmoituslomake__esitäytä_yhteystiedoilla
      <ul
        class="ilmoitusform__prefilllist"
      >
        <li
          class="ilmoitusform__prefillitem"
        >
          1
          ) 
          Yhteishaku kevät 2021
        </li>
        <li
          class="ilmoitusform__prefillitem"
        >
          2
          ) 
          DVV yhteystiedot
        </li>
      </ul>
    </div>
    <label
      class="dropdown dropdown--withicon"
    >
      <div
        class="dropdown__label"
      >
        ilmoituslomake__asuinkunta
         *
      </div>
      <div
        class="dropdown__inputcontainer"
      >
        <select
          class="dropdown__input"
        >
          <option>
            -
          </option>
          <option
            value="0"
          >
            Jyväskylä
          </option>
          <option
            value="1"
          >
            Kokkola
          </option>
          <option
            value="2"
          >
            Helsinki
          </option>
        </select>
        <div
          class="dropdown__icon"
        >
          <span
            aria-hidden="true"
            class="material-icons icon"
          >
            arrow_drop_down
          </span>
        </div>
      </div>
      
    </label>
    <label
      class="dropdown dropdown--withicon"
    >
      <div
        class="dropdown__label"
      >
        ilmoituslomake__yhteydenottokieli
      </div>
      <div
        class="dropdown__inputcontainer"
      >
        <select
          class="dropdown__input"
        >
          <option
            value="0"
          >
            suomi
          </option>
          <option
            value="1"
          >
            ruotsi
          </option>
          <option
            value="2"
          >
            englanti
          </option>
          <option
            value="3"
          >
            arabia
          </option>
        </select>
        <div
          class="dropdown__icon"
        >
          <span
            aria-hidden="true"
            class="material-icons icon"
          >
            arrow_drop_down
          </span>
        </div>
      </div>
      
    </label>
    <h2
      class="heading heading--secondary ilmoitusform__muutyhteystiedototsikko"
    >
      ilmoituslomake__muut_yhteystiedot
    </h2>
    <label
      class="dropdown dropdown--withicon"
    >
      <div
        class="dropdown__label"
      >
        ilmoituslomake__maa
      </div>
      <div
        class="dropdown__inputcontainer"
      >
        <select
          class="dropdown__input"
        >
          <option
            value="0"
          >
            Suomi
          </option>
          <option
            value="1"
          >
            Ruotsi
          </option>
          <option
            value="2"
          >
            Yhdysvallat (USA)
          </option>
          <option
            value="3"
          >
            Afganistan
          </option>
        </select>
        <div
          class="dropdown__icon"
        >
          <span
            aria-hidden="true"
            class="material-icons icon"
          >
            arrow_drop_down
          </span>
        </div>
      </div>
      
    </label>
    <label
      class="textfield"
    >
      <div
        class="textfield__label"
      >
        ilmoituslomake__postinumero
      </div>
      <div
        class="textfield__inputcontainer"
      >
        <input
          class="textfield__input"
          type="type"
          value=""
        />
      </div>
      
    </label>
    <label
      class="textfield"
    >
      <div
        class="textfield__label"
      >
        ilmoituslomake__postitoimipaikka
      </div>
      <div
        class="textfield__inputcontainer"
      >
        <input
          class="textfield__input"
          type="type"
          value=""
        />
      </div>
      
    </label>
    <label
      class="textfield"
    >
      <div
        class="textfield__label"
      >
        ilmoituslomake__katuosoite
      </div>
      <div
        class="textfield__inputcontainer"
      >
        <input
          class="textfield__input"
          type="type"
          value=""
        />
      </div>
      
    </label>
    <label
      class="textfield"
    >
      <div
        class="textfield__label"
      >
        ilmoituslomake__puhelinnumero
      </div>
      <div
        class="textfield__inputcontainer"
      >
        <input
          class="textfield__input"
          type="type"
          value=""
        />
      </div>
      
    </label>
    <label
      class="textfield"
    >
      <div
        class="textfield__label"
      >
        ilmoituslomake__sähköposti
      </div>
      <div
        class="textfield__inputcontainer"
      >
        <input
          class="textfield__input"
          type="type"
          value=""
        />
      </div>
      
    </label>
    <label
      class="checkbox__label"
    >
      <input
        class="checkbox"
        error=""
        type="checkbox"
      />
      ilmoituslomake__hakenut_opiskelemaan_yhteishakujen_ulkopuolella
    </label>
    <button
      class="button button--raised button--primary button--disabled"
    >
      <span
        class="button__content"
      >
        ilmoituslomake__ilmoita_asuinkunnalle
      </span>
    </button>
  </div>
</div>
`;
